Vivado Simulator v2025.2
Copyright 1986-2022 Xilinx, Inc. All Rights Reserved.
Copyright 2022-2025 Advanced Micro Devices, Inc. All Rights Reserved.
Running: /opt/Xilinx/2025.2/Vivado/bin/unwrapped/lnx64.o/xelab --incr --debug typical --relax --mt 8 -L xil_defaultlib -L unisims_ver -L unimacro_ver -L secureip --snapshot top_behav xil_defaultlib.top xil_defaultlib.glbl -log elaborate.log 
Using 8 slave threads.
Starting static elaboration
Pass Through NonSizing Optimizer
Completed static elaboration
Starting simulation data flow analysis
WARNING: [XSIM 43-4099] "/run/media/r3d/PEPITO/2026-1/ARQUI/proyecto/proyecto2/pipeline-proyecto/top.v" Line 1. Module top doesn't have a timescale but at least one module in design has a timescale.
WARNING: [XSIM 43-4099] "/run/media/r3d/PEPITO/2026-1/ARQUI/proyecto/proyecto2/pipeline-proyecto/riscv_pipeline.v" Line 1. Module riscv_pipeline doesn't have a timescale but at least one module in design has a timescale.
WARNING: [XSIM 43-4099] "/run/media/r3d/PEPITO/2026-1/ARQUI/proyecto/proyecto2/pipeline-proyecto/controller.v" Line 1. Module controller doesn't have a timescale but at least one module in design has a timescale.
WARNING: [XSIM 43-4099] "/run/media/r3d/PEPITO/2026-1/ARQUI/proyecto/proyecto2/pipeline-proyecto/datapath.v" Line 9. Module datapath doesn't have a timescale but at least one module in design has a timescale.
WARNING: [XSIM 43-4099] "/run/media/r3d/PEPITO/2026-1/ARQUI/proyecto/proyecto2/pipeline-proyecto/mux2.v" Line 1. Module mux2(WIDTH=32) doesn't have a timescale but at least one module in design has a timescale.
WARNING: [XSIM 43-4099] "/run/media/r3d/PEPITO/2026-1/ARQUI/proyecto/proyecto2/pipeline-proyecto/regfile.v" Line 1. Module regfile doesn't have a timescale but at least one module in design has a timescale.
WARNING: [XSIM 43-4099] "/run/media/r3d/PEPITO/2026-1/ARQUI/proyecto/proyecto2/pipeline-proyecto/extend.v" Line 1. Module extend doesn't have a timescale but at least one module in design has a timescale.
WARNING: [XSIM 43-4099] "/run/media/r3d/PEPITO/2026-1/ARQUI/proyecto/proyecto2/pipeline-proyecto/mux3.v" Line 1. Module mux3(WIDTH=32) doesn't have a timescale but at least one module in design has a timescale.
WARNING: [XSIM 43-4099] "/run/media/r3d/PEPITO/2026-1/ARQUI/proyecto/proyecto2/pipeline-proyecto/mux3.v" Line 1. Module mux3(WIDTH=32) doesn't have a timescale but at least one module in design has a timescale.
WARNING: [XSIM 43-4099] "/run/media/r3d/PEPITO/2026-1/ARQUI/proyecto/proyecto2/pipeline-proyecto/mux2.v" Line 1. Module mux2(WIDTH=32) doesn't have a timescale but at least one module in design has a timescale.
WARNING: [XSIM 43-4099] "/run/media/r3d/PEPITO/2026-1/ARQUI/proyecto/proyecto2/pipeline-proyecto/alu.v" Line 1. Module alu doesn't have a timescale but at least one module in design has a timescale.
WARNING: [XSIM 43-4099] "/run/media/r3d/PEPITO/2026-1/ARQUI/proyecto/proyecto2/pipeline-proyecto/adder.v" Line 1. Module adder doesn't have a timescale but at least one module in design has a timescale.
WARNING: [XSIM 43-4099] "/run/media/r3d/PEPITO/2026-1/ARQUI/proyecto/proyecto2/pipeline-proyecto/mux3.v" Line 1. Module mux3(WIDTH=32) doesn't have a timescale but at least one module in design has a timescale.
WARNING: [XSIM 43-4099] "/run/media/r3d/PEPITO/2026-1/ARQUI/proyecto/proyecto2/pipeline-proyecto/hazard.v" Line 2. Module hazard doesn't have a timescale but at least one module in design has a timescale.
WARNING: [XSIM 43-4099] "/run/media/r3d/PEPITO/2026-1/ARQUI/proyecto/proyecto2/pipeline-proyecto/imem.v" Line 1. Module imem doesn't have a timescale but at least one module in design has a timescale.
WARNING: [XSIM 43-4099] "/run/media/r3d/PEPITO/2026-1/ARQUI/proyecto/proyecto2/pipeline-proyecto/dmem.v" Line 1. Module dmem doesn't have a timescale but at least one module in design has a timescale.
Completed simulation data flow analysis
Time Resolution for simulation is 1ps
Compiling module xil_defaultlib.controller
Compiling module xil_defaultlib.mux2(WIDTH=32)
Compiling module xil_defaultlib.regfile
Compiling module xil_defaultlib.extend
Compiling module xil_defaultlib.mux3(WIDTH=32)
Compiling module xil_defaultlib.alu
Compiling module xil_defaultlib.adder
Compiling module xil_defaultlib.datapath
Compiling module xil_defaultlib.hazard
Compiling module xil_defaultlib.riscv_pipeline
Compiling module xil_defaultlib.imem
Compiling module xil_defaultlib.dmem
Compiling module xil_defaultlib.top
Compiling module xil_defaultlib.glbl
Built simulation snapshot top_behav
