INFO: [VRFC 10-2263] Analyzing Verilog file "/run/media/r3d/PEPITO/2026-1/ARQUI/proyecto/proyecto2/pipeline-proyecto/adder.v" into library xil_defaultlib
INFO: [VRFC 10-311] analyzing module adder
INFO: [VRFC 10-2263] Analyzing Verilog file "/run/media/r3d/PEPITO/2026-1/ARQUI/proyecto/proyecto2/pipeline-proyecto/alu.v" into library xil_defaultlib
INFO: [VRFC 10-311] analyzing module alu
INFO: [VRFC 10-2263] Analyzing Verilog file "/run/media/r3d/PEPITO/2026-1/ARQUI/proyecto/proyecto2/pipeline-proyecto/controller.v" into library xil_defaultlib
INFO: [VRFC 10-311] analyzing module controller
INFO: [VRFC 10-2263] Analyzing Verilog file "/run/media/r3d/PEPITO/2026-1/ARQUI/proyecto/proyecto2/pipeline-proyecto/datapath.v" into library xil_defaultlib
INFO: [VRFC 10-311] analyzing module datapath
INFO: [VRFC 10-2263] Analyzing Verilog file "/run/media/r3d/PEPITO/2026-1/ARQUI/proyecto/proyecto2/pipeline-proyecto/decompressor.v" into library xil_defaultlib
INFO: [VRFC 10-311] analyzing module decompressor
INFO: [VRFC 10-2263] Analyzing Verilog file "/run/media/r3d/PEPITO/2026-1/ARQUI/proyecto/proyecto2/pipeline-proyecto/dmem.v" into library xil_defaultlib
INFO: [VRFC 10-311] analyzing module dmem
INFO: [VRFC 10-2263] Analyzing Verilog file "/run/media/r3d/PEPITO/2026-1/ARQUI/proyecto/proyecto2/pipeline-proyecto/extend.v" into library xil_defaultlib
INFO: [VRFC 10-311] analyzing module extend
INFO: [VRFC 10-2263] Analyzing Verilog file "/run/media/r3d/PEPITO/2026-1/ARQUI/proyecto/proyecto2/pipeline-proyecto/hazard.v" into library xil_defaultlib
INFO: [VRFC 10-311] analyzing module hazard
INFO: [VRFC 10-2263] Analyzing Verilog file "/run/media/r3d/PEPITO/2026-1/ARQUI/proyecto/proyecto2/pipeline-proyecto/imem.v" into library xil_defaultlib
INFO: [VRFC 10-311] analyzing module imem
INFO: [VRFC 10-2263] Analyzing Verilog file "/run/media/r3d/PEPITO/2026-1/ARQUI/proyecto/proyecto2/pipeline-proyecto/mux2.v" into library xil_defaultlib
INFO: [VRFC 10-311] analyzing module mux2
WARNING: [VRFC 10-3380] identifier 'WIDTH' is used before its declaration [/run/media/r3d/PEPITO/2026-1/ARQUI/proyecto/proyecto2/pipeline-proyecto/mux2.v:1]
WARNING: [VRFC 10-3380] identifier 'WIDTH' is used before its declaration [/run/media/r3d/PEPITO/2026-1/ARQUI/proyecto/proyecto2/pipeline-proyecto/mux2.v:3]
INFO: [VRFC 10-2263] Analyzing Verilog file "/run/media/r3d/PEPITO/2026-1/ARQUI/proyecto/proyecto2/pipeline-proyecto/mux3.v" into library xil_defaultlib
INFO: [VRFC 10-311] analyzing module mux3
WARNING: [VRFC 10-3380] identifier 'WIDTH' is used before its declaration [/run/media/r3d/PEPITO/2026-1/ARQUI/proyecto/proyecto2/pipeline-proyecto/mux3.v:1]
WARNING: [VRFC 10-3380] identifier 'WIDTH' is used before its declaration [/run/media/r3d/PEPITO/2026-1/ARQUI/proyecto/proyecto2/pipeline-proyecto/mux3.v:3]
INFO: [VRFC 10-2263] Analyzing Verilog file "/run/media/r3d/PEPITO/2026-1/ARQUI/proyecto/proyecto2/pipeline-proyecto/regfile.v" into library xil_defaultlib
INFO: [VRFC 10-311] analyzing module regfile
INFO: [VRFC 10-2263] Analyzing Verilog file "/run/media/r3d/PEPITO/2026-1/ARQUI/proyecto/proyecto2/pipeline-proyecto/riscv_pipeline.v" into library xil_defaultlib
INFO: [VRFC 10-311] analyzing module riscv_pipeline
INFO: [VRFC 10-2263] Analyzing Verilog file "/run/media/r3d/PEPITO/2026-1/ARQUI/proyecto/proyecto2/pipeline-proyecto/top.v" into library xil_defaultlib
INFO: [VRFC 10-311] analyzing module top
INFO: [VRFC 10-2263] Analyzing Verilog file "/run/media/r3d/PEPITO/2026-1/ARQUI/proyecto/proyecto2/pipeline-proyecto/testbench.v" into library xil_defaultlib
INFO: [VRFC 10-311] analyzing module testbench
